// Jest Snapshot v1, https://goo.gl/fbAQLP

exports[`Snapshot Testing Print "gokaygurcan.github.io" 1`] = `
<div
  className="wrapper"
  data-jsx={1407449589}
>
  <header
    data-jsx={1407449589}
  >
    <nav
      data-jsx={1407449589}
    >
      <a
        data-jsx={1407449589}
        href="/"
        onClick={[Function]}
      >
        Home
      </a>
        --  
      <a
        data-jsx={1407449589}
        href="/projects"
        onClick={[Function]}
      >
        Projects
      </a>
    </nav>
  </header>
  <span>
    gokaygurcan.github.io
  </span>
  <footer
    data-jsx={1407449589}
  >
    MIT © Gökay Gürcan
  </footer>
</div>
`;
