// Jest Snapshot v1, https://goo.gl/fbAQLP

exports[`Snapshot Testing Print "Projects page" 1`] = `
<div
  className="wrapper"
  data-jsx={1407449589}
>
  <header
    data-jsx={1407449589}
  >
    <nav
      data-jsx={1407449589}
    >
      <a
        data-jsx={1407449589}
        href="/"
        onClick={[Function]}
      >
        Home
      </a>
        --  
      <a
        data-jsx={1407449589}
        href="/projects"
        onClick={[Function]}
      >
        Projects
      </a>
        --  
      <a
        data-jsx={1407449589}
        href="/projects/sample"
        onClick={[Function]}
      >
        Project details
      </a>
    </nav>
  </header>
  <div>
    <span>
      Projects page
    </span>
    <pre />
  </div>
  <footer
    data-jsx={1407449589}
  >
    MIT © Gökay Gürcan
  </footer>
</div>
`;
